// Jest Snapshot v1, https://goo.gl/fbAQLP

exports[`CustomMarker should render everything 1`] = `""`;
