// Jest Snapshot v1, https://goo.gl/fbAQLP

exports[`MapDetailResultItem should not render empty value 1`] = `""`;

exports[`MapDetailResultItem should not render without value 1`] = `""`;

exports[`MapDetailResultItem should render label and value 1`] = `
<li
  className="map-detail-result__item"
>
  <section
    className="map-detail-result__item-content"
  >
    <div
      className="map-detail-result__item-label"
    >
      label
    </div>
    <div
      className="map-detail-result__item-value"
    >
      value
    </div>
  </section>
</li>
`;
