// Jest Snapshot v1, https://goo.gl/fbAQLP

exports[`MapDetailAddressItem should render with huisnummertoevoeging 1`] = `
<div
  className="map-detail-result__item"
>
  <section
    className="map-detail-result__item-content"
  >
    <div
      className="map-detail-result__item-label"
    >
      Address label
    </div>
    <div
      className="map-detail-result__item-value"
    >
      <div>
        Nieuwendijk
         
        1515
         
        bis
      </div>
      <div>
        1012MT
         
        Amsterdam
      </div>
    </div>
  </section>
</div>
`;

exports[`MapDetailAddressItem should render without huisnummertoevoeging 1`] = `
<div
  className="map-detail-result__item"
>
  <section
    className="map-detail-result__item-content"
  >
    <div
      className="map-detail-result__item-label"
    >
      Address label
    </div>
    <div
      className="map-detail-result__item-value"
    >
      <div>
        Nieuwendijk
         
        1515
         
      </div>
      <div>
        1012MT
         
        Amsterdam
      </div>
    </div>
  </section>
</div>
`;
