// Jest Snapshot v1, https://goo.gl/fbAQLP

exports[`Checkbox should render everything 1`] = `
<span
  className="loading-indicator"
/>
`;
