// Jest Snapshot v1, https://goo.gl/fbAQLP

exports[`ShapeSummary should render info with 2 markers 1`] = `
<div
  className="shape-summary"
>
  <span
    aria-label="Lijn: 23,45 km"
    className="shape-summary__label"
  >
    Lijn: 
    23,45 km
  </span>
  <button
    className="shape-summary__button"
    onClick={[MockFunction]}
    title="Lijn verwijderen"
  >
    <span
      className="shape-summary__button--close"
    />
  </button>
</div>
`;
