// Jest Snapshot v1, https://goo.gl/fbAQLP

exports[`MapDetailExplosievenGevrijwaardGebied should render everything 1`] = `
<MapDetailResultWrapper
  onMaximize={[MockFunction]}
  onPanoPreviewClick={[MockFunction]}
  panoUrl="panoUrl"
  subTitle="Gevrijwaard gebied label"
  title="Gevrijwaard gebied"
>
  <ul
    className="map-detail-result__list"
  >
    <MapDetailResultDateItem
      date={1919-12-31T00:00:00.000Z}
      label="Datum rapport"
    />
    <MapDetailResultItem
      label="Soort handeling"
      value="Gevrijwaard gebied type"
    />
    <MapDetailResultItem
      label="Bron"
      value="Gevrijwaard gebied source"
    />
    <MapDetailResultItem
      label="Opmerkingen"
      value="Gevrijwaard gebied remarks"
    />
  </ul>
</MapDetailResultWrapper>
`;
