// Jest Snapshot v1, https://goo.gl/fbAQLP

exports[`MapDetailExplosievenVerdachtGebied should render everything 1`] = `
<MapDetailResultWrapper
  onMaximize={[MockFunction]}
  onPanoPreviewClick={[MockFunction]}
  panoUrl="panoUrl"
  subTitle="Verdacht gebied label"
  title="Verdacht gebied"
>
  <ul
    className="map-detail-result__list"
  >
    <MapDetailResultItem
      label="Hoofdgroep"
      value="Verdacht gebied type"
    />
    <MapDetailResultItem
      label="Subsoort"
      value="Verdacht gebied sub type"
    />
    <MapDetailResultItem
      label="Opmerkingen"
      value="Verdacht gebied remarks"
    />
  </ul>
</MapDetailResultWrapper>
`;
