// Jest Snapshot v1, https://goo.gl/fbAQLP

exports[`MapDetailExplosievenUitgevoerdOnderzoek should render everything 1`] = `
<MapDetailResultWrapper
  onMaximize={[MockFunction]}
  onPanoPreviewClick={[MockFunction]}
  panoUrl="panoUrl"
  subTitle="Uitgevoerd onderzoek label"
  title="Reeds uitgevoerd CE onderzoek"
>
  <ul
    className="map-detail-result__list"
  >
    <MapDetailResultDateItem
      date={1919-12-31T00:00:00.000Z}
      label="Datum rapport"
    />
    <MapDetailResultItem
      label="Soort rapportage"
      value="Uitgevoerd onderzoek type"
    />
    <MapDetailResultItem
      label="Onderzoeksgebied"
      value="Uitgevoerd onderzoek onderzoeksgebied"
    />
    <MapDetailResultItem
      label="Verdacht gebied"
      value="Uitgevoerd onderzoek verdacht gebied"
    />
  </ul>
</MapDetailResultWrapper>
`;
