// Jest Snapshot v1, https://goo.gl/fbAQLP

exports[`MapDetailExplosievenInslag should render everything 1`] = `
<MapDetailResultWrapper
  onMaximize={[MockFunction]}
  onPanoPreviewClick={[MockFunction]}
  panoUrl="panoUrl"
  subTitle="Inslag label"
  title="Inslag"
>
  <ul
    className="map-detail-result__list"
  >
    <MapDetailResultDateItem
      date={1980-08-19T00:00:00.000Z}
      label="Datum van inslag"
    />
    <MapDetailResultItem
      label="Soort handeling"
      value="Inslag type"
    />
    <MapDetailResultItem
      label="Bron"
      value="Inslag source"
    />
    <MapDetailResultItem
      label="Opmerkingen"
      value="Inslag remarks"
    />
  </ul>
</MapDetailResultWrapper>
`;
