// Jest Snapshot v1, https://goo.gl/fbAQLP

exports[`HomepageAddressBlockContainer should render 1`] = `
<HomepageAddressBlock
  onLinkClick={[Function]}
/>
`;
