// Jest Snapshot v1, https://goo.gl/fbAQLP

exports[`MapDetailGebiedenBouwblok should render everything 1`] = `
<MapDetailResultWrapper
  onMaximize={[MockFunction]}
  onPanoPreviewClick={[MockFunction]}
  panoUrl="panoUrl"
  subTitle="Bouwblok label"
  title="Bouwblok"
/>
`;
