// Jest Snapshot v1, https://goo.gl/fbAQLP

exports[`MapDetailGebiedenStadsdeel should render everything 1`] = `
<MapDetailResultWrapper
  onMaximize={[MockFunction]}
  onPanoPreviewClick={[MockFunction]}
  panoUrl="panoUrl"
  subTitle="Stadsdeel label"
  title="Stadsdeel"
/>
`;
