// Jest Snapshot v1, https://goo.gl/fbAQLP

exports[`MapDetailGebiedenGebiedsgerichtWerken should render everything 1`] = `
<MapDetailResultWrapper
  onMaximize={[MockFunction]}
  onPanoPreviewClick={[MockFunction]}
  panoUrl="panoUrl"
  subTitle="Gebiedsgericht werken label"
  title="Gebiedsgerichtwerken-gebied"
>
  <ul
    className="map-detail-result__list"
  >
    <MapDetailResultItem
      label="Code"
      value="A"
    />
  </ul>
</MapDetailResultWrapper>
`;
