// Jest Snapshot v1, https://goo.gl/fbAQLP

exports[`MapDetailGebiedenGrootstedelijk should render everything 1`] = `
<MapDetailResultWrapper
  onMaximize={[MockFunction]}
  onPanoPreviewClick={[MockFunction]}
  panoUrl="panoUrl"
  subTitle="Grootstedelijk label"
  title="Grootstedelijk gebied"
/>
`;
