// Jest Snapshot v1, https://goo.gl/fbAQLP

exports[`NonTiledLayer should render everything 1`] = `""`;
