// Jest Snapshot v1, https://goo.gl/fbAQLP

exports[`MapWrapper should render 1`] = `<Connect(MapContainer) />`;
