// Jest Snapshot v1, https://goo.gl/fbAQLP

exports[`The AutoSuggest component should allow the user to navigate with the keyboard 1`] = `
<AutoSuggest
  activeSuggestion={
    Object {
      "index": -1,
    }
  }
  highlightQuery=""
  legendTitle=""
  numberOfSuggestions={6}
  onSubmit={[MockFunction]}
  onSuggestionActivate={[MockFunction]}
  onSuggestionSelection={[MockFunction]}
  onTextInput={
    [MockFunction] {
      "calls": Array [
        Array [
          "d",
        ],
        Array [
          "a",
        ],
        Array [
          "m",
        ],
      ],
    }
  }
  placeHolder=""
  query="dam"
  queryFromUrl=""
  suggestions={
    Array [
      Object {
        "content": Array [
          Object {
            "category": "Straatnamen",
            "index": 0,
            "label": "Dam",
            "uri": "bag/openbareruimte/03630000003186/",
          },
          Object {
            "category": "Straatnamen",
            "index": 1,
            "label": "Damloperspad",
            "uri": "bag/openbareruimte/03630000001038/",
          },
          Object {
            "category": "Straatnamen",
            "index": 2,
            "label": "Damrak",
            "uri": "bag/openbareruimte/03630000003187/",
          },
        ],
        "label": "Straatnamen",
        "total_results": 6,
      },
      Object {
        "content": Array [
          Object {
            "category": "Monumenten",
            "index": 3,
            "label": "Damrak 1",
            "uri": "monumenten/monumenten/8e8ae1dd-78a2-4a5f-841d-1870631b7e33/",
          },
          Object {
            "category": "Monumenten",
            "index": 4,
            "label": "Dam 10",
            "uri": "monumenten/monumenten/aa3f9081-2ac4-49ea-95d2-0aad7aecd883/",
          },
          Object {
            "category": "Monumenten",
            "index": 5,
            "label": "Damrak 15",
            "uri": "monumenten/monumenten/f93e31ba-89eb-4784-87e1-d32c33b5236d/",
          },
        ],
        "label": "Monumenten",
        "total_results": 5,
      },
    ]
  }
>
  <form
    className="auto-suggest
          "
    onSubmit={[Function]}
  >
    <fieldset>
      <div
        className="auto-suggest-container"
      >
        <label
          className="u-sr-only"
          htmlFor="auto-suggest__input"
        >
          zoektekst
        </label>
        <input
          autoCapitalize="off"
          autoComplete="off"
          autoCorrect="off"
          autoFocus="true"
          className="auto-suggest__input"
          id="auto-suggest__input"
          onBlur={[Function]}
          onChange={[Function]}
          onFocus={[Function]}
          onKeyDown={[Function]}
          placeholder=""
          spellCheck="false"
          type="text"
          value="dam"
        />
        <button
          className="qa-search-form__clear auto-suggest__clear"
          onClick={[Function]}
          title="Wis zoektekst"
          type="button"
        >
          <span
            className="u-sr-only"
          >
            Wis zoektekst
          </span>
        </button>
      </div>
      <button
        className="auto-suggest__submit qa-search-form-submit"
        disabled={false}
        title="Zoeken"
        type="submit"
      >
        <span
          className="u-sr-only"
        >
          Zoeken
        </span>
      </button>
    </fieldset>
  </form>
</AutoSuggest>
`;

exports[`The AutoSuggest component should allow the user to navigate with the keyboard 2`] = `
<AutoSuggest
  activeSuggestion={
    Object {
      "category": "Monumenten",
      "index": 3,
      "label": "Damrak 1",
      "uri": "monumenten/monumenten/8e8ae1dd-78a2-4a5f-841d-1870631b7e33/",
    }
  }
  highlightQuery="dam"
  legendTitle=""
  numberOfSuggestions={6}
  onSubmit={[MockFunction]}
  onSuggestionActivate={[MockFunction]}
  onSuggestionSelection={[MockFunction]}
  onTextInput={
    [MockFunction] {
      "calls": Array [
        Array [
          "d",
        ],
        Array [
          "a",
        ],
        Array [
          "m",
        ],
      ],
    }
  }
  placeHolder=""
  query="dam"
  queryFromUrl=""
  suggestions={
    Array [
      Object {
        "content": Array [
          Object {
            "category": "Straatnamen",
            "index": 0,
            "label": "Dam",
            "uri": "bag/openbareruimte/03630000003186/",
          },
          Object {
            "category": "Straatnamen",
            "index": 1,
            "label": "Damloperspad",
            "uri": "bag/openbareruimte/03630000001038/",
          },
          Object {
            "category": "Straatnamen",
            "index": 2,
            "label": "Damrak",
            "uri": "bag/openbareruimte/03630000003187/",
          },
        ],
        "label": "Straatnamen",
        "total_results": 6,
      },
      Object {
        "content": Array [
          Object {
            "category": "Monumenten",
            "index": 3,
            "label": "Damrak 1",
            "uri": "monumenten/monumenten/8e8ae1dd-78a2-4a5f-841d-1870631b7e33/",
          },
          Object {
            "category": "Monumenten",
            "index": 4,
            "label": "Dam 10",
            "uri": "monumenten/monumenten/aa3f9081-2ac4-49ea-95d2-0aad7aecd883/",
          },
          Object {
            "category": "Monumenten",
            "index": 5,
            "label": "Damrak 15",
            "uri": "monumenten/monumenten/f93e31ba-89eb-4784-87e1-d32c33b5236d/",
          },
        ],
        "label": "Monumenten",
        "total_results": 5,
      },
    ]
  }
>
  <form
    className="auto-suggest
          "
    onSubmit={[Function]}
  >
    <fieldset>
      <div
        className="auto-suggest-container"
      >
        <label
          className="u-sr-only"
          htmlFor="auto-suggest__input"
        >
          zoektekst
        </label>
        <input
          autoCapitalize="off"
          autoComplete="off"
          autoCorrect="off"
          autoFocus="true"
          className="auto-suggest__input"
          id="auto-suggest__input"
          onBlur={[Function]}
          onChange={[Function]}
          onFocus={[Function]}
          onKeyDown={[Function]}
          placeholder=""
          spellCheck="false"
          type="text"
          value="dam"
        />
        <button
          className="qa-search-form__clear auto-suggest__clear"
          onClick={[Function]}
          title="Wis zoektekst"
          type="button"
        >
          <span
            className="u-sr-only"
          >
            Wis zoektekst
          </span>
        </button>
      </div>
      <button
        className="auto-suggest__submit qa-search-form-submit"
        disabled={false}
        title="Zoeken"
        type="submit"
      >
        <span
          className="u-sr-only"
        >
          Zoeken
        </span>
      </button>
    </fieldset>
  </form>
</AutoSuggest>
`;

exports[`The AutoSuggest component should toggle the "showsuggestions" state on focus and blur of the input field 1`] = `
<AutoSuggest
  activeSuggestion={
    Object {
      "index": -1,
    }
  }
  highlightQuery=""
  legendTitle=""
  numberOfSuggestions={0}
  onSubmit={[MockFunction]}
  onSuggestionActivate={[MockFunction]}
  onSuggestionSelection={[MockFunction]}
  onTextInput={
    [MockFunction] {
      "calls": Array [
        Array [
          "d",
        ],
        Array [
          "a",
        ],
        Array [
          "m",
        ],
      ],
    }
  }
  placeHolder=""
  query="dam"
  queryFromUrl=""
  suggestions={
    Array [
      Object {
        "content": Array [
          Object {
            "category": "Straatnamen",
            "index": 0,
            "label": "Dam",
            "uri": "bag/openbareruimte/03630000003186/",
          },
          Object {
            "category": "Straatnamen",
            "index": 1,
            "label": "Damloperspad",
            "uri": "bag/openbareruimte/03630000001038/",
          },
          Object {
            "category": "Straatnamen",
            "index": 2,
            "label": "Damrak",
            "uri": "bag/openbareruimte/03630000003187/",
          },
        ],
        "label": "Straatnamen",
        "total_results": 6,
      },
      Object {
        "content": Array [
          Object {
            "category": "Monumenten",
            "index": 3,
            "label": "Damrak 1",
            "uri": "monumenten/monumenten/8e8ae1dd-78a2-4a5f-841d-1870631b7e33/",
          },
          Object {
            "category": "Monumenten",
            "index": 4,
            "label": "Dam 10",
            "uri": "monumenten/monumenten/aa3f9081-2ac4-49ea-95d2-0aad7aecd883/",
          },
          Object {
            "category": "Monumenten",
            "index": 5,
            "label": "Damrak 15",
            "uri": "monumenten/monumenten/f93e31ba-89eb-4784-87e1-d32c33b5236d/",
          },
        ],
        "label": "Monumenten",
        "total_results": 5,
      },
    ]
  }
>
  <form
    className="auto-suggest
          "
    onSubmit={[Function]}
  >
    <fieldset>
      <div
        className="auto-suggest-container"
      >
        <label
          className="u-sr-only"
          htmlFor="auto-suggest__input"
        >
          zoektekst
        </label>
        <input
          autoCapitalize="off"
          autoComplete="off"
          autoCorrect="off"
          autoFocus="true"
          className="auto-suggest__input"
          id="auto-suggest__input"
          onBlur={[Function]}
          onChange={[Function]}
          onFocus={[Function]}
          onKeyDown={[Function]}
          placeholder=""
          spellCheck="false"
          type="text"
          value="dam"
        />
        <button
          className="qa-search-form__clear auto-suggest__clear"
          onClick={[Function]}
          title="Wis zoektekst"
          type="button"
        >
          <span
            className="u-sr-only"
          >
            Wis zoektekst
          </span>
        </button>
      </div>
      <button
        className="auto-suggest__submit qa-search-form-submit"
        disabled={false}
        title="Zoeken"
        type="submit"
      >
        <span
          className="u-sr-only"
        >
          Zoeken
        </span>
      </button>
    </fieldset>
  </form>
</AutoSuggest>
`;

exports[`The AutoSuggest component should toggle the "showsuggestions" state on focus and blur of the input field 2`] = `
<AutoSuggest
  activeSuggestion={
    Object {
      "index": -1,
    }
  }
  highlightQuery=""
  legendTitle=""
  numberOfSuggestions={0}
  onSubmit={[MockFunction]}
  onSuggestionActivate={[MockFunction]}
  onSuggestionSelection={[MockFunction]}
  onTextInput={
    [MockFunction] {
      "calls": Array [
        Array [
          "d",
        ],
        Array [
          "a",
        ],
        Array [
          "m",
        ],
      ],
    }
  }
  placeHolder=""
  query="dam"
  queryFromUrl=""
  suggestions={
    Array [
      Object {
        "content": Array [
          Object {
            "category": "Straatnamen",
            "index": 0,
            "label": "Dam",
            "uri": "bag/openbareruimte/03630000003186/",
          },
          Object {
            "category": "Straatnamen",
            "index": 1,
            "label": "Damloperspad",
            "uri": "bag/openbareruimte/03630000001038/",
          },
          Object {
            "category": "Straatnamen",
            "index": 2,
            "label": "Damrak",
            "uri": "bag/openbareruimte/03630000003187/",
          },
        ],
        "label": "Straatnamen",
        "total_results": 6,
      },
      Object {
        "content": Array [
          Object {
            "category": "Monumenten",
            "index": 3,
            "label": "Damrak 1",
            "uri": "monumenten/monumenten/8e8ae1dd-78a2-4a5f-841d-1870631b7e33/",
          },
          Object {
            "category": "Monumenten",
            "index": 4,
            "label": "Dam 10",
            "uri": "monumenten/monumenten/aa3f9081-2ac4-49ea-95d2-0aad7aecd883/",
          },
          Object {
            "category": "Monumenten",
            "index": 5,
            "label": "Damrak 15",
            "uri": "monumenten/monumenten/f93e31ba-89eb-4784-87e1-d32c33b5236d/",
          },
        ],
        "label": "Monumenten",
        "total_results": 5,
      },
    ]
  }
>
  <form
    className="auto-suggest
          "
    onSubmit={[Function]}
  >
    <fieldset>
      <div
        className="auto-suggest-container"
      >
        <label
          className="u-sr-only"
          htmlFor="auto-suggest__input"
        >
          zoektekst
        </label>
        <input
          autoCapitalize="off"
          autoComplete="off"
          autoCorrect="off"
          autoFocus="true"
          className="auto-suggest__input"
          id="auto-suggest__input"
          onBlur={[Function]}
          onChange={[Function]}
          onFocus={[Function]}
          onKeyDown={[Function]}
          placeholder=""
          spellCheck="false"
          type="text"
          value="dam"
        />
        <button
          className="qa-search-form__clear auto-suggest__clear"
          onClick={[Function]}
          title="Wis zoektekst"
          type="button"
        >
          <span
            className="u-sr-only"
          >
            Wis zoektekst
          </span>
        </button>
      </div>
      <button
        className="auto-suggest__submit qa-search-form-submit"
        disabled={false}
        title="Zoeken"
        type="submit"
      >
        <span
          className="u-sr-only"
        >
          Zoeken
        </span>
      </button>
    </fieldset>
  </form>
</AutoSuggest>
`;

exports[`The AutoSuggest component should toggle the "showsuggestions" state on focus and blur of the input field 3`] = `
<AutoSuggest
  activeSuggestion={
    Object {
      "index": -1,
    }
  }
  highlightQuery=""
  legendTitle=""
  numberOfSuggestions={0}
  onSubmit={[MockFunction]}
  onSuggestionActivate={[MockFunction]}
  onSuggestionSelection={[MockFunction]}
  onTextInput={
    [MockFunction] {
      "calls": Array [
        Array [
          "d",
        ],
        Array [
          "a",
        ],
        Array [
          "m",
        ],
      ],
    }
  }
  placeHolder=""
  query="dam"
  queryFromUrl=""
  suggestions={
    Array [
      Object {
        "content": Array [
          Object {
            "category": "Straatnamen",
            "index": 0,
            "label": "Dam",
            "uri": "bag/openbareruimte/03630000003186/",
          },
          Object {
            "category": "Straatnamen",
            "index": 1,
            "label": "Damloperspad",
            "uri": "bag/openbareruimte/03630000001038/",
          },
          Object {
            "category": "Straatnamen",
            "index": 2,
            "label": "Damrak",
            "uri": "bag/openbareruimte/03630000003187/",
          },
        ],
        "label": "Straatnamen",
        "total_results": 6,
      },
      Object {
        "content": Array [
          Object {
            "category": "Monumenten",
            "index": 3,
            "label": "Damrak 1",
            "uri": "monumenten/monumenten/8e8ae1dd-78a2-4a5f-841d-1870631b7e33/",
          },
          Object {
            "category": "Monumenten",
            "index": 4,
            "label": "Dam 10",
            "uri": "monumenten/monumenten/aa3f9081-2ac4-49ea-95d2-0aad7aecd883/",
          },
          Object {
            "category": "Monumenten",
            "index": 5,
            "label": "Damrak 15",
            "uri": "monumenten/monumenten/f93e31ba-89eb-4784-87e1-d32c33b5236d/",
          },
        ],
        "label": "Monumenten",
        "total_results": 5,
      },
    ]
  }
>
  <form
    className="auto-suggest
          "
    onSubmit={[Function]}
  >
    <fieldset>
      <div
        className="auto-suggest-container"
      >
        <label
          className="u-sr-only"
          htmlFor="auto-suggest__input"
        >
          zoektekst
        </label>
        <input
          autoCapitalize="off"
          autoComplete="off"
          autoCorrect="off"
          autoFocus="true"
          className="auto-suggest__input"
          id="auto-suggest__input"
          onBlur={[Function]}
          onChange={[Function]}
          onFocus={[Function]}
          onKeyDown={[Function]}
          placeholder=""
          spellCheck="false"
          type="text"
          value="dam"
        />
        <button
          className="qa-search-form__clear auto-suggest__clear"
          onClick={[Function]}
          title="Wis zoektekst"
          type="button"
        >
          <span
            className="u-sr-only"
          >
            Wis zoektekst
          </span>
        </button>
      </div>
      <button
        className="auto-suggest__submit qa-search-form-submit"
        disabled={false}
        title="Zoeken"
        type="submit"
      >
        <span
          className="u-sr-only"
        >
          Zoeken
        </span>
      </button>
    </fieldset>
  </form>
</AutoSuggest>
`;
