// Jest Snapshot v1, https://goo.gl/fbAQLP

exports[`MapBusyIndicator should render an empty component 1`] = `""`;
